     1                                  bits 32 ; assembling for the 32 bits architecture
     2                                  
     3                                  ; declare the EntryPoint (a label defining the very first instruction of the program)
     4                                  global start        
     5                                  
     6                                  ; declare external functions needed by our program
     7                                  extern exit               ; tell nasm that exit exists even if we won't be defining it
     8                                  import exit msvcrt.dll    ; exit is a function that ends the calling process. It is defined in msvcrt.dll
     9                                                            ; msvcrt.dll contains exit, printf and all the other important C-runtime specific functions
    10                                  extern printf
    11                                  import printf msvcrt.dll
    12                                  
    13                                  ; our data is declared here (the variables needed by our program)
    14                                  segment data use32 class=data
    15                                      ; ...
    16                                  
    17                                  ; our code starts here
    18                                  segment code use32 class=code
    19                                      start:
    20                                          ; ...
    21                                          
    22 00000000 B033                            mov al, 00110011b
    23 00000002 B102                            mov cl, 2
    24 00000004 D2D8                            rcr al, cl
    25 00000006 88C3                            mov bl, al
    26                                          ; exit(0)
    27 00000008 6A00                            push    dword 0      ; push the parameter for exit onto the stack
    28 0000000A FF15[00000000]                  call    [exit]       ; call exit to terminate the program
