     1                                  bits 32 ; assembling for the 32 bits architecture
     2                                  
     3                                  ; declare the EntryPoint (a label defining the very first instruction of the program)
     4                                  global start        
     5                                  
     6                                  ; declare external functions needed by our program
     7                                  extern exit               ; tell nasm that exit exists even if we won't be defining it
     8                                  import exit msvcrt.dll    ; exit is a function that ends the calling process. It is defined in msvcrt.dll
     9                                                            ; msvcrt.dll contains exit, printf and all the other important C-runtime specific functions
    10                                  
    11                                  ; our data is declared here (the variables needed by our program)
    12                                  segment data use32 class=data
    13 00000000 3132333435000000            a dd '12345'
    14 00000008 313233343500                b dw '12345'
    15 0000000E 313233                      c db '123'
    16 00000011 EF                          d db $$-$
    17                                      
    18                                  
    19                                  ; our code starts here
    20                                  segment code use32 class=code
    21                                      start:
    22                                          ; ...
    23                                      
    24                                          ; exit(0)
    25 00000000 6A00                            push    dword 0      ; push the parameter for exit onto the stack
    26 00000002 FF15[00000000]                  call    [exit]       ; call exit to terminate the program
